// Jest Snapshot v1, https://goo.gl/fbAQLP

exports[`should test feedbackItem component 1`] = `
<Card
  reverse={false}
>
  <div
    className="num-display"
  >
    10
  </div>
  <button
    className="close"
    data-testid="delete-list"
    onClick={[Function]}
  >
    <FaTimes
      color="purple"
    />
  </button>
  <div
    className="text-display"
  >
    Lorem ipsum dolor sit amet consectetur adipisicing elit. consequuntur vel vitae commodi alias voluptatem est voluptatum ipsa quae.
  </div>
</Card>
`;
