// Jest Snapshot v1, https://goo.gl/fbAQLP

exports[`should test feedback form component 1`] = `
<Card
  reverse={false}
>
  <form
    onSubmit={[Function]}
  >
    <h2>
      How would you rate your service with us?
    </h2>
    <ul
      className="rating"
    >
      <li>
        <input
          checked={false}
          data-testid="select-test"
          id="num1"
          name="rating"
          onChange={[Function]}
          type="radio"
          value="1"
        />
        <label
          htmlFor="num1"
        >
          1
        </label>
      </li>
      <li>
        <input
          checked={false}
          id="num2"
          name="rating"
          onChange={[Function]}
          type="radio"
          value="2"
        />
        <label
          htmlFor="num2"
        >
          2
        </label>
      </li>
      <li>
        <input
          checked={false}
          id="num3"
          name="rating"
          onChange={[Function]}
          type="radio"
          value="3"
        />
        <label
          htmlFor="num3"
        >
          3
        </label>
      </li>
      <li>
        <input
          checked={false}
          id="num4"
          name="rating"
          onChange={[Function]}
          type="radio"
          value="4"
        />
        <label
          htmlFor="num4"
        >
          4
        </label>
      </li>
      <li>
        <input
          checked={false}
          id="num5"
          name="rating"
          onChange={[Function]}
          type="radio"
          value="5"
        />
        <label
          htmlFor="num5"
        >
          5
        </label>
      </li>
      <li>
        <input
          checked={false}
          id="num6"
          name="rating"
          onChange={[Function]}
          type="radio"
          value="6"
        />
        <label
          htmlFor="num6"
        >
          6
        </label>
      </li>
      <li>
        <input
          checked={false}
          id="num7"
          name="rating"
          onChange={[Function]}
          type="radio"
          value="7"
        />
        <label
          htmlFor="num7"
        >
          7
        </label>
      </li>
      <li>
        <input
          checked={false}
          id="num8"
          name="rating"
          onChange={[Function]}
          type="radio"
          value="8"
        />
        <label
          htmlFor="num8"
        >
          8
        </label>
      </li>
      <li>
        <input
          checked={false}
          id="num9"
          name="rating"
          onChange={[Function]}
          type="radio"
          value="9"
        />
        <label
          htmlFor="num9"
        >
          9
        </label>
      </li>
      <li>
        <input
          checked={false}
          id="num10"
          name="rating"
          onChange={[Function]}
          type="radio"
          value="10"
        />
        <label
          htmlFor="num10"
        >
          10
        </label>
      </li>
    </ul>
    <div
      className="input-group"
    >
      <input
        data-testid="text-input"
        onChange={[Function]}
        placeholder="Write a review"
        type="text"
        value=""
      />
      <Button
        data-testid="add-word-button"
        isDisabled={true}
        type="submit"
        version="primary"
      >
        Send
      </Button>
    </div>
  </form>
</Card>
`;
